MPLINK 4.49, Linker
Linker Map File - Created Mon Dec 19 05:20:11 2016

                                 Section Info
                  Section       Type    Address   Location Size(Bytes)
                ---------  ---------  ---------  ---------  ---------
                   .org_0       code   0x000000    program   0x000000
                   .org_1       code   0x000000    program   0x000002
                   .org_2       code   0x000005    program   0x00005c



                              Program Memory Usage 
                               Start         End      
                           ---------   ---------      
                            0x000000    0x000000      
                            0x000005    0x000032      
            47 out of 8454 program addresses used, program memory utilization is 0%



                              Symbols - Sorted by Name
                     Name    Address   Location    Storage File                     
                ---------  ---------  ---------  --------- ---------                
                  PUERTOA   0x00000f    program     static F:\prac4\p2.asm          
                   inicio   0x000005    program     static F:\prac4\p2.asm          
                    paso1   0x000024    program     static F:\prac4\p2.asm          
                    paso2   0x000027    program     static F:\prac4\p2.asm          
                    paso3   0x00002a    program     static F:\prac4\p2.asm          
                    paso4   0x00002d    program     static F:\prac4\p2.asm          
                    paso5   0x000030    program     static F:\prac4\p2.asm          



                              Symbols - Sorted by Address
                     Name    Address   Location    Storage File                     
                ---------  ---------  ---------  --------- ---------                
                   inicio   0x000005    program     static F:\prac4\p2.asm          
                  PUERTOA   0x00000f    program     static F:\prac4\p2.asm          
                    paso1   0x000024    program     static F:\prac4\p2.asm          
                    paso2   0x000027    program     static F:\prac4\p2.asm          
                    paso3   0x00002a    program     static F:\prac4\p2.asm          
                    paso4   0x00002d    program     static F:\prac4\p2.asm          
                    paso5   0x000030    program     static F:\prac4\p2.asm          


