MPLINK 4.49, Linker
Linker Map File - Created Wed Dec 14 17:39:47 2016

                                 Section Info
                  Section       Type    Address   Location Size(Bytes)
                ---------  ---------  ---------  ---------  ---------
                   .org_0       code   0x000000    program   0x000000
                   .org_1       code   0x000000    program   0x000002
                   .org_2       code   0x000005    program   0x000026



                              Program Memory Usage 
                               Start         End      
                           ---------   ---------      
                            0x000000    0x000000      
                            0x000005    0x000017      
            20 out of 8454 program addresses used, program memory utilization is 0%



                              Symbols - Sorted by Name
                     Name    Address   Location    Storage File                     
                ---------  ---------  ---------  --------- ---------                
                    apaga   0x000013    program     static F:\manual y micros\programas de micros\PRACTICA3\programa1.asm
                    ciclo   0x000010    program     static F:\manual y micros\programas de micros\PRACTICA3\programa1.asm
                 enciende   0x000015    program     static F:\manual y micros\programas de micros\PRACTICA3\programa1.asm
                   inicio   0x000005    program     static F:\manual y micros\programas de micros\PRACTICA3\programa1.asm



                              Symbols - Sorted by Address
                     Name    Address   Location    Storage File                     
                ---------  ---------  ---------  --------- ---------                
                   inicio   0x000005    program     static F:\manual y micros\programas de micros\PRACTICA3\programa1.asm
                    ciclo   0x000010    program     static F:\manual y micros\programas de micros\PRACTICA3\programa1.asm
                    apaga   0x000013    program     static F:\manual y micros\programas de micros\PRACTICA3\programa1.asm
                 enciende   0x000015    program     static F:\manual y micros\programas de micros\PRACTICA3\programa1.asm


